
===============================================
      Col 0               Col 1        Col 2                 Col 3        Col 4              
    +-------------------+------------+---------------------+------------+------------------+
 0  |                   |            |                     |            |                  |
    |                   |            |                     |            |                  |
    +-------------------+------------+---------------------+------------+------------------+
 1  | Forest (L):Lumber |            | Gold Field (A):Gold |            | Field (G):Grain  |
    | d3  1/3           |            | d4  0/3             |            | d5  1/3          |
    +-------------------+------------+---------------------+------------+------------------+
 2  |                   | Settlement | Road                | Settlement |                  |
    |                   | Center     | Center              | Center     |                  |
    +-------------------+------------+---------------------+------------+------------------+
 3  | Hill (B):Brick    |            | Pasture (W):Wool    |            | Mountain (O):Ore |
    | d2  1/3           |            | d1  1/3             |            | d6  1/3          |
    +-------------------+------------+---------------------+------------+------------------+
 4  |                   |            |                     |            |                  |
    |                   |            |                     |            |                  |
    +-------------------+------------+---------------------+------------+------------------+

Points: VP=2  CP=0  SP=0  FP=0  PP=0

      Col 0        Col 1               Col 2        Col 3                 Col 4        Col 5              
    +------------+-------------------+------------+---------------------+------------+------------------+
 0  |            |                   |            |                     |            |                  |
    |            |                   |            |                     |            |                  |
    +------------+-------------------+------------+---------------------+------------+------------------+
 1  |            | Forest (L):Lumber |            | Gold Field (A):Gold |            | Field (G):Grain  |
    |            | d3  1/3           |            | d4  0/3             |            | d5  1/3          |
    +------------+-------------------+------------+---------------------+------------+------------------+
 2  |            | Road              | Settlement | Road                | Settlement |                  |
    |            | Center            | Center     | Center              | Center     |                  |
    +------------+-------------------+------------+---------------------+------------+------------------+
 3  |            | Hill (B):Brick    |            | Pasture (W):Wool    |            | Mountain (O):Ore |
    |            | d2  1/3           |            | d1  1/3             |            | d6  1/3          |
    +------------+-------------------+------------+---------------------+------------+------------------+
 4  |            |                   |            |                     |            |                  |
    |            |                   |            |                     |            |                  |
    +------------+-------------------+------------+---------------------+------------+------------------+

Points: VP=2  CP=0  SP=0  FP=0  PP=0

[SCOUT_NEXT_SETTLEMENT]
true
[]
      Col 0             Col 1        Col 2               Col 3        Col 4                 Col 5        Col 6              
    +-----------------+------------+-------------------+------------+---------------------+------------+------------------+
 0  |                 |            |                   |            |                     |            |                  |
    |                 |            |                   |            |                     |            |                  |
    +-----------------+------------+-------------------+------------+---------------------+------------+------------------+
 1  | Field (G):Grain |            | Forest (L):Lumber |            | Gold Field (A):Gold |            | Field (G):Grain  |
    | d-  0/3         |            | d3  1/3           |            | d4  0/3             |            | d5  1/3          |
    +-----------------+------------+-------------------+------------+---------------------+------------+------------------+
 2  |                 | Settlement | Road              | Settlement | Road                | Settlement |                  |
    |                 | Center     | Center            | Center     | Center              | Center     |                  |
    +-----------------+------------+-------------------+------------+---------------------+------------+------------------+
 3  | Field (G):Grain |            | Hill (B):Brick    |            | Pasture (W):Wool    |            | Mountain (O):Ore |
    | d-  0/3         |            | d2  1/3           |            | d1  1/3             |            | d6  1/3          |
    +-----------------+------------+-------------------+------------+---------------------+------------+------------------+
 4  |                 |            |                   |            |                     |            |                  |
    |                 |            |                   |            |                     |            |                  |
    +-----------------+------------+-------------------+------------+---------------------+------------+------------------+

Points: VP=3  CP=0  SP=0  FP=0  PP=0

===============================================
===============================================
      Col 0               Col 1        Col 2                 Col 3        Col 4              
    +-------------------+------------+---------------------+------------+------------------+
 0  |                   |            |                     |            |                  |
    |                   |            |                     |            |                  |
    +-------------------+------------+---------------------+------------+------------------+
 1  | Forest (L):Lumber |            | Gold Field (A):Gold |            | Field (G):Grain  |
    | d3  1/3           |            | d4  0/3             |            | d5  1/3          |
    +-------------------+------------+---------------------+------------+------------------+
 2  |                   | Settlement | Road                | Settlement |                  |
    |                   | Center     | Center              | Center     |                  |
    +-------------------+------------+---------------------+------------+------------------+
 3  | Hill (B):Brick    |            | Pasture (W):Wool    |            | Mountain (O):Ore |
    | d2  1/3           |            | d1  1/3             |            | d6  1/3          |
    +-------------------+------------+---------------------+------------+------------------+
 4  |                   |            |                     |            |                  |
    |                   |            |                     |            |                  |
    +-------------------+------------+---------------------+------------+------------------+

Points: VP=2  CP=0  SP=0  FP=0  PP=0

      Col 0        Col 1               Col 2        Col 3                 Col 4        Col 5              
    +------------+-------------------+------------+---------------------+------------+------------------+
 0  |            |                   |            |                     |            |                  |
    |            |                   |            |                     |            |                  |
    +------------+-------------------+------------+---------------------+------------+------------------+
 1  |            | Forest (L):Lumber |            | Gold Field (A):Gold |            | Field (G):Grain  |
    |            | d3  1/3           |            | d4  0/3             |            | d5  1/3          |
    +------------+-------------------+------------+---------------------+------------+------------------+
 2  |            | Road              | Settlement | Road                | Settlement |                  |
    |            | Center            | Center     | Center              | Center     |                  |
    +------------+-------------------+------------+---------------------+------------+------------------+
 3  |            | Hill (B):Brick    |            | Pasture (W):Wool    |            | Mountain (O):Ore |
    |            | d2  1/3           |            | d1  1/3             |            | d6  1/3          |
    +------------+-------------------+------------+---------------------+------------+------------------+
 4  |            |                   |            |                     |            |                  |
    |            |                   |            |                     |            |                  |
    +------------+-------------------+------------+---------------------+------------+------------------+

Points: VP=2  CP=0  SP=0  FP=0  PP=0

[SCOUT_NEXT_SETTLEMENT]
true
[]
      Col 0             Col 1        Col 2               Col 3        Col 4                 Col 5        Col 6              
    +-----------------+------------+-------------------+------------+---------------------+------------+------------------+
 0  |                 |            |                   |            |                     |            |                  |
    |                 |            |                   |            |                     |            |                  |
    +-----------------+------------+-------------------+------------+---------------------+------------+------------------+
 1  | Field (G):Grain |            | Forest (L):Lumber |            | Gold Field (A):Gold |            | Field (G):Grain  |
    | d-  0/3         |            | d3  1/3           |            | d4  0/3             |            | d5  1/3          |
    +-----------------+------------+-------------------+------------+---------------------+------------+------------------+
 2  |                 | Settlement | Road              | Settlement | Road                | Settlement |                  |
    |                 | Center     | Center            | Center     | Center              | Center     |                  |
    +-----------------+------------+-------------------+------------+---------------------+------------+------------------+
 3  | Field (G):Grain |            | Hill (B):Brick    |            | Pasture (W):Wool    |            | Mountain (O):Ore |
    | d-  0/3         |            | d2  1/3           |            | d1  1/3             |            | d6  1/3          |
    +-----------------+------------+-------------------+------------+---------------------+------------+------------------+
 4  |                 |            |                   |            |                     |            |                  |
    |                 |            |                   |            |                     |            |                  |
    +-----------------+------------+-------------------+------------+---------------------+------------+------------------+

Points: VP=3  CP=0  SP=0  FP=0  PP=0

===============================================
===============================================
      Col 0               Col 1        Col 2                 Col 3        Col 4              
    +-------------------+------------+---------------------+------------+------------------+
 0  |                   |            |                     |            |                  |
    |                   |            |                     |            |                  |
    +-------------------+------------+---------------------+------------+------------------+
 1  | Forest (L):Lumber |            | Gold Field (A):Gold |            | Field (G):Grain  |
    | d3  1/3           |            | d4  0/3             |            | d5  1/3          |
    +-------------------+------------+---------------------+------------+------------------+
 2  |                   | Settlement | Road                | Settlement |                  |
    |                   | Center     | Center              | Center     |                  |
    +-------------------+------------+---------------------+------------+------------------+
 3  | Hill (B):Brick    |            | Pasture (W):Wool    |            | Mountain (O):Ore |
    | d2  1/3           |            | d1  1/3             |            | d6  1/3          |
    +-------------------+------------+---------------------+------------+------------------+
 4  |                   |            |                     |            |                  |
    |                   |            |                     |            |                  |
    +-------------------+------------+---------------------+------------+------------------+

Points: VP=2  CP=0  SP=0  FP=0  PP=0

      Col 0        Col 1               Col 2        Col 3                 Col 4        Col 5              
    +------------+-------------------+------------+---------------------+------------+------------------+
 0  |            |                   |            |                     |            |                  |
    |            |                   |            |                     |            |                  |
    +------------+-------------------+------------+---------------------+------------+------------------+
 1  |            | Forest (L):Lumber |            | Gold Field (A):Gold |            | Field (G):Grain  |
    |            | d3  1/3           |            | d4  0/3             |            | d5  1/3          |
    +------------+-------------------+------------+---------------------+------------+------------------+
 2  |            | Road              | Settlement | Road                | Settlement |                  |
    |            | Center            | Center     | Center              | Center     |                  |
    +------------+-------------------+------------+---------------------+------------+------------------+
 3  |            | Hill (B):Brick    |            | Pasture (W):Wool    |            | Mountain (O):Ore |
    |            | d2  1/3           |            | d1  1/3             |            | d6  1/3          |
    +------------+-------------------+------------+---------------------+------------+------------------+
 4  |            |                   |            |                     |            |                  |
    |            |                   |            |                     |            |                  |
    +------------+-------------------+------------+---------------------+------------+------------------+

Points: VP=2  CP=0  SP=0  FP=0  PP=0

[SCOUT_NEXT_SETTLEMENT]
true
[]
      Col 0             Col 1        Col 2               Col 3        Col 4                 Col 5        Col 6              
    +-----------------+------------+-------------------+------------+---------------------+------------+------------------+
 0  |                 |            |                   |            |                     |            |                  |
    |                 |            |                   |            |                     |            |                  |
    +-----------------+------------+-------------------+------------+---------------------+------------+------------------+
 1  | Field (G):Grain |            | Forest (L):Lumber |            | Gold Field (A):Gold |            | Field (G):Grain  |
    | d-  0/3         |            | d3  1/3           |            | d4  0/3             |            | d5  1/3          |
    +-----------------+------------+-------------------+------------+---------------------+------------+------------------+
 2  |                 | Settlement | Road              | Settlement | Road                | Settlement |                  |
    |                 | Center     | Center            | Center     | Center              | Center     |                  |
    +-----------------+------------+-------------------+------------+---------------------+------------+------------------+
 3  | Field (G):Grain |            | Hill (B):Brick    |            | Pasture (W):Wool    |            | Mountain (O):Ore |
    | d-  0/3         |            | d2  1/3           |            | d1  1/3             |            | d6  1/3          |
    +-----------------+------------+-------------------+------------+---------------------+------------+------------------+
 4  |                 |            |                   |            |                     |            |                  |
    |                 |            |                   |            |                     |            |                  |
    +-----------------+------------+-------------------+------------+---------------------+------------+------------------+

Points: VP=3  CP=0  SP=0  FP=0  PP=0

===============================================
===============================================
      Col 0               Col 1        Col 2                 Col 3        Col 4              
    +-------------------+------------+---------------------+------------+------------------+
 0  |                   |            |                     |            |                  |
    |                   |            |                     |            |                  |
    +-------------------+------------+---------------------+------------+------------------+
 1  | Forest (L):Lumber |            | Gold Field (A):Gold |            | Field (G):Grain  |
    | d3  1/3           |            | d4  0/3             |            | d5  1/3          |
    +-------------------+------------+---------------------+------------+------------------+
 2  |                   | Settlement | Road                | Settlement |                  |
    |                   | Center     | Center              | Center     |                  |
    +-------------------+------------+---------------------+------------+------------------+
 3  | Hill (B):Brick    |            | Pasture (W):Wool    |            | Mountain (O):Ore |
    | d2  1/3           |            | d1  1/3             |            | d6  1/3          |
    +-------------------+------------+---------------------+------------+------------------+
 4  |                   |            |                     |            |                  |
    |                   |            |                     |            |                  |
    +-------------------+------------+---------------------+------------+------------------+

Points: VP=2  CP=0  SP=0  FP=0  PP=0

      Col 0        Col 1               Col 2        Col 3                 Col 4        Col 5              
    +------------+-------------------+------------+---------------------+------------+------------------+
 0  |            |                   |            |                     |            |                  |
    |            |                   |            |                     |            |                  |
    +------------+-------------------+------------+---------------------+------------+------------------+
 1  |            | Forest (L):Lumber |            | Gold Field (A):Gold |            | Field (G):Grain  |
    |            | d3  1/3           |            | d4  0/3             |            | d5  1/3          |
    +------------+-------------------+------------+---------------------+------------+------------------+
 2  |            | Road              | Settlement | Road                | Settlement |                  |
    |            | Center            | Center     | Center              | Center     |                  |
    +------------+-------------------+------------+---------------------+------------+------------------+
 3  |            | Hill (B):Brick    |            | Pasture (W):Wool    |            | Mountain (O):Ore |
    |            | d2  1/3           |            | d1  1/3             |            | d6  1/3          |
    +------------+-------------------+------------+---------------------+------------+------------------+
 4  |            |                   |            |                     |            |                  |
    |            |                   |            |                     |            |                  |
    +------------+-------------------+------------+---------------------+------------+------------------+

Points: VP=2  CP=0  SP=0  FP=0  PP=0

[SCOUT_NEXT_SETTLEMENT]
true
[]
      Col 0             Col 1        Col 2               Col 3        Col 4                 Col 5        Col 6              
    +-----------------+------------+-------------------+------------+---------------------+------------+------------------+
 0  |                 |            |                   |            |                     |            |                  |
    |                 |            |                   |            |                     |            |                  |
    +-----------------+------------+-------------------+------------+---------------------+------------+------------------+
 1  | Field (G):Grain |            | Forest (L):Lumber |            | Gold Field (A):Gold |            | Field (G):Grain  |
    | d-  0/3         |            | d3  1/3           |            | d4  0/3             |            | d5  1/3          |
    +-----------------+------------+-------------------+------------+---------------------+------------+------------------+
 2  |                 | Settlement | Road              | Settlement | Road                | Settlement |                  |
    |                 | Center     | Center            | Center     | Center              | Center     |                  |
    +-----------------+------------+-------------------+------------+---------------------+------------+------------------+
 3  | Field (G):Grain |            | Hill (B):Brick    |            | Pasture (W):Wool    |            | Mountain (O):Ore |
    | d-  0/3         |            | d2  1/3           |            | d1  1/3             |            | d6  1/3          |
    +-----------------+------------+-------------------+------------+---------------------+------------+------------------+
 4  |                 |            |                   |            |                     |            |                  |
    |                 |            |                   |            |                     |            |                  |
    +-----------------+------------+-------------------+------------+---------------------+------------+------------------+

Points: VP=3  CP=0  SP=0  FP=0  PP=0

===============================================