Field
Field
Field
Field
Mountain
Mountain
Mountain
Mountain
Gold Field
Gold Field
Gold Field
Gold Field
Hill
Hill
Hill
Hill
Forest
Forest
Forest
Forest
Pasture
Pasture
Pasture
Pasture
