      Col 0            Col 1        Col 2        Col 3        Col 4        
    +----------------+------------+------------+------------+------------+
 0  | Hill (B):Brick |            |            |            |            |
    | d-  1/3        |            |            |            |            |
    +----------------+------------+------------+------------+------------+
 1  |                |            |            |            |            |
    |                |            |            |            |            |
    +----------------+------------+------------+------------+------------+
 2  |                |            |            |            |            |
    |                |            |            |            |            |
    +----------------+------------+------------+------------+------------+
 3  |                |            |            |            |            |
    |                |            |            |            |            |
    +----------------+------------+------------+------------+------------+
 4  |                |            |            |            |            |
    |                |            |            |            |            |
    +----------------+------------+------------+------------+------------+

Points: VP=2  CP=0  SP=0  FP=0  PP=0
