      Col 0        Col 1        Col 2        Col 3        Col 4        
    +------------+------------+------------+------------+------------+
 0  |            |            |            |            |            |
    |            |            |            |            |            |
    +------------+------------+------------+------------+------------+
 1  |            |            |            |            |            |
    |            |            |            |            |            |
    +------------+------------+------------+------------+------------+
 2  |            |            |            |            |            |
    |            |            |            |            |            |
    +------------+------------+------------+------------+------------+
 3  |            |            |            |            |            |
    |            |            |            |            |            |
    +------------+------------+------------+------------+------------+
 4  |            |            |            |            |            |
    |            |            |            |            |            |
    +------------+------------+------------+------------+------------+

Points: VP=0  CP=0  SP=0  FP=0  PP=0
