      Col 0               Col 1        Col 2        Col 3        Col 4        
    +-------------------+------------+------------+------------+------------+
 0  | Forest (L):Lumber |            |            |            |            |
    | d-  2/3           |            |            |            |            |
    +-------------------+------------+------------+------------+------------+
 1  |                   | Settlement |            |            |            |
    |                   | Center     |            |            |            |
    +-------------------+------------+------------+------------+------------+
 2  |                   |            |            |            |            |
    |                   |            |            |            |            |
    +-------------------+------------+------------+------------+------------+
 3  |                   |            |            |            |            |
    |                   |            |            |            |            |
    +-------------------+------------+------------+------------+------------+
 4  |                   |            |            |            |            |
    |                   |            |            |            |            |
    +-------------------+------------+------------+------------+------------+

Points: VP=2  CP=0  SP=0  FP=0  PP=0

Hand (1):
  [0] Mill   {cost: 2 Grain} [SP1]
