      Col 0               Col 1        Col 2                 Col 3        Col 4              
    +-------------------+------------+---------------------+------------+------------------+
 0  |                   |            |                     |            |                  |
    |                   |            |                     |            |                  |
    +-------------------+------------+---------------------+------------+------------------+
 1  | Forest (L):Lumber |            | Gold Field (A):Gold |            | Field (G):Grain  |
    | d2  1/3           |            | d1  0/3             |            | d6  1/3          |
    +-------------------+------------+---------------------+------------+------------------+
 2  |                   | Settlement | Road                | Settlement |                  |
    |                   | Center     | Center              | Center     |                  |
    +-------------------+------------+---------------------+------------+------------------+
 3  | Hill (B):Brick    |            | Pasture (W):Wool    |            | Mountain (O):Ore |
    | d3  1/3           |            | d4  1/3             |            | d5  1/3          |
    +-------------------+------------+---------------------+------------+------------------+
 4  |                   |            |                     |            |                  |
    |                   |            |                     |            |                  |
    +-------------------+------------+---------------------+------------+------------------+

Points: VP=0  CP=0  SP=0  FP=5  PP=0

Hand (0):

      Col 0               Col 1              Col 2                 Col 3              Col 4              
    +-------------------+------------------+---------------------+------------------+------------------+
 0  |                   |                  |                     |                  |                  |
    |                   |                  |                     |                  |                  |
    +-------------------+------------------+---------------------+------------------+------------------+
 1  | Forest (L):Lumber | Generic Building | Gold Field (A):Gold |                  | Field (G):Grain  |
    | d3  1/3           | Building         | d4  0/3             |                  | d5  1/3          |
    +-------------------+------------------+---------------------+------------------+------------------+
 2  |                   | Settlement       | Road                | Settlement       |                  |
    |                   | Center           | Center              | Center           |                  |
    +-------------------+------------------+---------------------+------------------+------------------+
 3  | Hill (B):Brick    | Generic Building | Pasture (W):Wool    | Generic Building | Mountain (O):Ore |
    | d2  1/3           | Building         | d1  1/3             | Building         | d6  1/3          |
    +-------------------+------------------+---------------------+------------------+------------------+
 4  |                   |                  |                     |                  |                  |
    |                   |                  |                     |                  |                  |
    +-------------------+------------------+---------------------+------------------+------------------+

Points: VP=2  CP=0  SP=0  FP=0  PP=0

Hand (0):

      Col 0               Col 1        Col 2                 Col 3        Col 4              
    +-------------------+------------+---------------------+------------+------------------+
 0  |                   |            |                     |            |                  |
    |                   |            |                     |            |                  |
    +-------------------+------------+---------------------+------------+------------------+
 1  | Forest (L):Lumber |            | Gold Field (A):Gold |            | Field (G):Grain  |
    | d2  1/3           |            | d1  0/3             |            | d6  1/3          |
    +-------------------+------------+---------------------+------------+------------------+
 2  |                   | Settlement | Road                | Settlement |                  |
    |                   | Center     | Center              | Center     |                  |
    +-------------------+------------+---------------------+------------+------------------+
 3  | Hill (B):Brick    |            | Pasture (W):Wool    |            | Mountain (O):Ore |
    | d3  1/3           |            | d4  1/3             |            | d5  1/3          |
    +-------------------+------------+---------------------+------------+------------------+
 4  |                   |            |                     |            |                  |
    |                   |            |                     |            |                  |
    +-------------------+------------+---------------------+------------+------------------+

Points: VP=0  CP=0  SP=0  FP=5  PP=0

Hand (0):

      Col 0               Col 1              Col 2                 Col 3              Col 4              
    +-------------------+------------------+---------------------+------------------+------------------+
 0  |                   |                  |                     |                  |                  |
    |                   |                  |                     |                  |                  |
    +-------------------+------------------+---------------------+------------------+------------------+
 1  | Forest (L):Lumber | Generic Building | Gold Field (A):Gold |                  | Field (G):Grain  |
    | d3  1/3           | Building         | d4  0/3             |                  | d5  1/3          |
    +-------------------+------------------+---------------------+------------------+------------------+
 2  |                   | Settlement       | Road                | Settlement       |                  |
    |                   | Center           | Center              | Center           |                  |
    +-------------------+------------------+---------------------+------------------+------------------+
 3  | Hill (B):Brick    |                  | Pasture (W):Wool    | Generic Building | Mountain (O):Ore |
    | d2  1/3           |                  | d1  1/3             | Building         | d6  1/3          |
    +-------------------+------------------+---------------------+------------------+------------------+
 4  |                   |                  |                     |                  |                  |
    |                   |                  |                     |                  |                  |
    +-------------------+------------------+---------------------+------------------+------------------+

Points: VP=2  CP=0  SP=0  FP=0  PP=0

Hand (0):

